root@master:~# cd /etc/ansible/playbooks/
root@master:/etc/ansible/playbooks# clear
root@master:/etc/ansible/playbooks# ansible dba -m setup | less
root@master:/etc/ansible/playbooks# vi hosts
root@master:/etc/ansible/playbooks# ansible raja -m setup | less
root@master:/etc/ansible/playbooks# cd ..
root@master:/etc/ansible# vi hosts
root@master:/etc/ansible# cd playbooks/
root@master:/etc/ansible/playbooks# ansible raja -m setup | less
root@master:/etc/ansible/playbooks# ^C
root@master:/etc/ansible/playbooks# ansible dba -m setup -a "filter=ansible_distribution*"
agent | SUCCESS => {
    "ansible_facts": {
        "ansible_distribution": "Ubuntu",
        "ansible_distribution_file_parsed": true,
        "ansible_distribution_file_path": "/etc/os-release",
        "ansible_distribution_file_variety": "Debian",
        "ansible_distribution_major_version": "18",
        "ansible_distribution_release": "bionic",
        "ansible_distribution_version": "18.04"
    },
    "changed": false
}
root@master:/etc/ansible/playbooks# ssh root@agent
Welcome to Ubuntu 18.04.1 LTS (GNU/Linux 4.15.0-1023-aws x86_64)

 * Documentation:  https://help.ubuntu.com
 * Management:     https://landscape.canonical.com
 * Support:        https://ubuntu.com/advantage

  System information as of Sun Oct 28 04:45:39 UTC 2018

  System load:  0.0               Processes:           89
  Usage of /:   24.8% of 7.69GB   Users logged in:     0
  Memory usage: 30%               IP address for eth0: 172.31.20.30
  Swap usage:   0%

 * Security certifications for Ubuntu!
   We now have FIPS, STIG, CC and a CIS Benchmark.

   - http://bit.ly/Security_Certification

 * Want to make a highly secure kiosk, smart display or touchscreen?
   Here's a step-by-step tutorial for a rainy weekend, or a startup.

   - https://bit.ly/secure-kiosk


  Get cloud support with Ubuntu Advantage Cloud Guest:
    http://www.ubuntu.com/business/services/cloud

56 packages can be updated.
0 updates are security updates.


Last login: Sun Oct 28 04:42:33 2018 from 172.31.28.0
root@agent:~# su - ubuntu
ubuntu@agent:~$ ls -a
.   .Xauthority    .bash_logout  .cache  .profile  .sudo_as_admin_successful
..  .bash_history  .bashrc       .gnupg  .ssh
ubuntu@agent:~$ ls .ssh/
authorized_keys
ubuntu@agent:~$ exit
logout
root@agent:~# exit
logout
Connection to agent closed.
root@master:/etc/ansible/playbooks# ssh ubuntu@agent
ubuntu@agent: Permission denied (publickey).
root@master:/etc/ansible/playbooks# ssh root@agent
Welcome to Ubuntu 18.04.1 LTS (GNU/Linux 4.15.0-1023-aws x86_64)

 * Documentation:  https://help.ubuntu.com
 * Management:     https://landscape.canonical.com
 * Support:        https://ubuntu.com/advantage

  System information as of Sun Oct 28 04:46:46 UTC 2018

  System load:  0.0               Processes:           89
  Usage of /:   24.8% of 7.69GB   Users logged in:     0
  Memory usage: 30%               IP address for eth0: 172.31.20.30
  Swap usage:   0%

 * Security certifications for Ubuntu!
   We now have FIPS, STIG, CC and a CIS Benchmark.

   - http://bit.ly/Security_Certification

 * Want to make a highly secure kiosk, smart display or touchscreen?
   Here's a step-by-step tutorial for a rainy weekend, or a startup.

   - https://bit.ly/secure-kiosk


  Get cloud support with Ubuntu Advantage Cloud Guest:
    http://www.ubuntu.com/business/services/cloud

56 packages can be updated.
0 updates are security updates.


Last login: Sun Oct 28 04:45:40 2018 from 172.31.28.0
root@agent:~# su - ubuntu
ubuntu@agent:~$ ssh-keygen -t rsa
Generating public/private rsa key pair.
Enter file in which to save the key (/home/ubuntu/.ssh/id_rsa):
Enter passphrase (empty for no passphrase):
Enter same passphrase again:
Your identification has been saved in /home/ubuntu/.ssh/id_rsa.
Your public key has been saved in /home/ubuntu/.ssh/id_rsa.pub.
The key fingerprint is:
SHA256:NxUqHy8J8uORjZHn/XLD+s7BNMf4Ic5BR+85zE9gEwg ubuntu@agent
The key's randomart image is:
+---[RSA 2048]----+
|          E..... |
|         . ......|
|      . = + ..+..|
|       o @ *..+*.|
|        S O oo+*=|
|       . + oo=o=+|
|        .   .oB o|
|             = o |
|            .o+  |
+----[SHA256]-----+
ubuntu@agent:~$ cd .ssh
ubuntu@agent:~/.ssh$ ls
authorized_keys  id_rsa  id_rsa.pub
ubuntu@agent:~/.ssh$ cat id_rsa.pub
ssh-rsa AAAAB3NzaC1yc2EAAAADAQABAAABAQCnkowrxXaFnN/UTZNsoTMMfr2cCUQ20tXFIVCLbaWyluCTKAppuSdjyqoALAUNcBse9OPy+c1dxBvlfMJ3duzAkkL7jVCm7uPTZOc1yhuI5qAlayNa5TgZxby89gXQTYBOAx73vTpwqPDo5oivltcwhLltpW7WVWtP7yFzbBvE8+Ac6MHsPWlwQcbeh6OKqWWiu0oLdEAVKmvPqmT+oAHHBLjbFtoblhw+iM8o7H9EDhynrUHgG+bE5QeUgzaCUx5G+45uNgYhbXnPGsq8NK5xcWVFuMxOJ5hZ+8+D9WT6GB0dUB1srr7AYam3Azp5WmHQzGGfC+4P9OT56Z6EyzZ5 ubuntu@agent
ubuntu@agent:~/.ssh$ exit
logout
root@agent:~# exit
logout
Connection to agent closed.
root@master:/etc/ansible/playbooks# ansible dba -m authorized_key -a "user=root key='ssh-rsa AAAA...XXX == ubuntu@agent'"
agent | CHANGED => {
    "changed": true,
    "comment": null,
    "exclusive": false,
    "follow": false,
    "key": "ssh-rsa AAAA...XXX == ubuntu@agent",
    "key_options": null,
    "keyfile": "/root/.ssh/authorized_keys",
    "manage_dir": true,
    "path": null,
    "state": "present",
    "unique": false,
    "user": "root",
    "validate_certs": true
}
root@master:/etc/ansible/playbooks# ssh ubuntu@agent
ubuntu@agent: Permission denied (publickey).
root@master:/etc/ansible/playbooks# ssh root@agent
Welcome to Ubuntu 18.04.1 LTS (GNU/Linux 4.15.0-1023-aws x86_64)

 * Documentation:  https://help.ubuntu.com
 * Management:     https://landscape.canonical.com
 * Support:        https://ubuntu.com/advantage

  System information as of Sun Oct 28 04:49:25 UTC 2018

  System load:  0.02              Processes:           89
  Usage of /:   24.8% of 7.69GB   Users logged in:     0
  Memory usage: 30%               IP address for eth0: 172.31.20.30
  Swap usage:   0%

 * Security certifications for Ubuntu!
   We now have FIPS, STIG, CC and a CIS Benchmark.

   - http://bit.ly/Security_Certification

 * Want to make a highly secure kiosk, smart display or touchscreen?
   Here's a step-by-step tutorial for a rainy weekend, or a startup.

   - https://bit.ly/secure-kiosk


  Get cloud support with Ubuntu Advantage Cloud Guest:
    http://www.ubuntu.com/business/services/cloud

56 packages can be updated.
0 updates are security updates.


Last login: Sun Oct 28 04:48:01 2018 from 172.31.28.0
root@agent:~# su - ubuntu
ubuntu@agent:~$ ls
ubuntu@agent:~$ cat .ssh/authorized_keys
ssh-rsa AAAAB3NzaC1yc2EAAAADAQABAAABAQCwjCuWAKCjhHDrIVL46CYAsTl0UtRGuNJfFM4wiByusqMxvD2pwp6iEd95AxNS4dHNTGy38itI7HfM8MX8fm686DKliOS/FYeKyVT7GWfIf1iMYQMCSuLXnQbNqzHo38kpqD8+YpHsva6QUMNOZ8YwH4amrQkAkh0anjXTR1T3vyjfmwRVVImzAkpPLB8L1MZA1nlc4+5IKIj/SEKXgw8ScAp4whIGsYr0TyElLlnvOTmP/zFWs9O10PfzC36FaCimIvWWyYIDMhyJ49dts5/8aEqQVKUe0CXaf3gnW+Bb7N+4JYIbZPs3ez5je/PtbnH6MKJgwkimYBSqZ1fUoxjr aws_pemkey
ubuntu@agent:~$ exit
logout
root@agent:~# exit
logout
Connection to agent closed.
root@master:/etc/ansible/playbooks# ansible all -m lineinfile -a "dest=/etc/group regexp='^(users:x:100:)(.*)' line='\1ldapusername,\2' state=present backrefs=yes"
master | CHANGED => {
    "backup": "",
    "changed": true,
    "msg": "line replaced"
}
agent | CHANGED => {
    "backup": "",
    "changed": true,
    "msg": "line replaced"
}
root@master:/etc/ansible/playbooks# ansible dba -m lineinfile -a "dest=/etc/group regexp='^(users:x:100:)(.*)' line='\1ldapusername,\2' state=present backrefs=yes"
agent | CHANGED => {
    "backup": "",
    "changed": true,
    "msg": "line replaced"
}
root@master:/etc/ansible/playbooks# ansible-playbook playbooks/atmo_playbook.yml --user atmouser
ERROR! the playbook: playbooks/atmo_playbook.yml could not be found
root@master:/etc/ansible/playbooks# ansible-playbook playbooks/^Cml --user atmouser
root@master:/etc/ansible/playbooks# ls
gitinstall.yaml  hosts  import.retry  import.yml  m1.retry  m1.yaml  sample.yml
root@master:/etc/ansible/playbooks# cat sample.yml
---
- hosts: dba
  tasks:
          - name: run echo command
            command: /bin/echo hello raja
root@master:/etc/ansible/playbooks# ansible-playbook playbooks/sample.yml --user ubuntu
ERROR! the playbook: playbooks/sample.yml could not be found
root@master:/etc/ansible/playbooks# ansible-playbook sample.yml --user ubuntu

PLAY [dba] ***************************************************************************************************

TASK [Gathering Facts] ***************************************************************************************
fatal: [agent]: UNREACHABLE! => {"changed": false, "msg": "Failed to connect to the host via ssh: ubuntu@agent: Permission denied (publickey).\r\n", "unreachable": true}
        to retry, use: --limit @/etc/ansible/playbooks/sample.retry

PLAY RECAP ***************************************************************************************************
agent                      : ok=0    changed=0    unreachable=1    failed=0

root@master:/etc/ansible/playbooks# ansible-playbook sample.yml --user root

PLAY [dba] ***************************************************************************************************

TASK [Gathering Facts] ***************************************************************************************
ok: [agent]

TASK [run echo command] **************************************************************************************
changed: [agent]

PLAY RECAP ***************************************************************************************************
agent                      : ok=2    changed=1    unreachable=0    failed=0

root@master:/etc/ansible/playbooks# cd ..
root@master:/etc/ansible# ansible-playbook playbooks/sample.yml --user root

PLAY [dba] ***************************************************************************************************

TASK [Gathering Facts] ***************************************************************************************
ok: [agent]

TASK [run echo command] **************************************************************************************
changed: [agent]

PLAY RECAP ***************************************************************************************************
agent                      : ok=2    changed=1    unreachable=0    failed=0

root@master:/etc/ansible# ansible -m ping hosts --private-key=~/.ssh/keys/id_rsa -u dba
 [WARNING]: Could not match supplied host pattern, ignoring: hosts

 [WARNING]: No hosts matched, nothing to do

root@master:/etc/ansible# ansible -m ping hosts --private-key=~/.ssh/keys/id_rsa -u raja
 [WARNING]: Could not match supplied host pattern, ignoring: hosts

 [WARNING]: No hosts matched, nothing to do

root@master:/etc/ansible# ansible -m ping hosts --private-key=~/.ssh/keys/id_rsa -u root
 [WARNING]: Could not match supplied host pattern, ignoring: hosts

 [WARNING]: No hosts matched, nothing to do

root@master:/etc/ansible# ansible -m ping hosts --private-key=~/.ssh/keys/id_rsa -u centos
 [WARNING]: Could not match supplied host pattern, ignoring: hosts

 [WARNING]: No hosts matched, nothing to do

root@master:/etc/ansible# ansible -m ping dba --private-key=~/.ssh/keys/id_rsa -u root
agent | UNREACHABLE! => {
    "changed": false,
    "msg": "Failed to connect to the host via ssh: no such identity: /root/.ssh/keys/id_rsa: No such file or directory\r\nroot@agent: Permission denied (publickey).\r\n",
    "unreachable": true
}
root@master:/etc/ansible# ansible -m ping dba --private-key=~/.ssh/keys/id_rsa
agent | UNREACHABLE! => {
    "changed": false,
    "msg": "Failed to connect to the host via ssh: no such identity: /root/.ssh/keys/id_rsa: No such file or directory\r\nroot@agent: Permission denied (publickey).\r\n",
    "unreachable": true
}
root@master:/etc/ansible# ansible -m ping dba --private-key=~/.ssh/id_rsa -u root
agent | SUCCESS => {
    "changed": false,
    "ping": "pong"
}
root@master:/etc/ansible# ansible-playbook playbooks/sample.yml -e "ATMOUSERNAME=atmouser"

PLAY [dba] ***************************************************************************************************

TASK [Gathering Facts] ***************************************************************************************
ok: [agent]

TASK [run echo command] **************************************************************************************
changed: [agent]

PLAY RECAP ***************************************************************************************************
agent                      : ok=2    changed=1    unreachable=0    failed=0

root@master:/etc/ansible# cat sample.yml
cat: sample.yml: No such file or directory
root@master:/etc/ansible# cat playbooks/sample.yml
---
- hosts: dba
  tasks:
          - name: run echo command
            command: /bin/echo hello raja
root@master:/etc/ansible# ansible-playbook playbooks/sample.yml --limit "^C
root@master:/etc/ansible# ls
ansible.cfg  hosts  playbooks  roles
root@master:/etc/ansible# vi host1
root@master:/etc/ansible# cat host1
agent
root@master:/etc/ansible# ansible-playbook playbooks/PLAYBOOK_NAME.yml --limit "host1"
ERROR! the playbook: playbooks/PLAYBOOK_NAME.yml could not be found
root@master:/etc/ansible# ansible-playbook playbooks/sample.yml --limit "host1"
 [WARNING]: Could not match supplied host pattern, ignoring: host1

ERROR! Specified hosts and/or --limit does not match any hosts
root@master:/etc/ansible# ansible-playbook playbooks/sample.yml --limit "dba"

PLAY [dba] ***************************************************************************************************

TASK [Gathering Facts] ***************************************************************************************
ok: [agent]

TASK [run echo command] **************************************************************************************
changed: [agent]

PLAY RECAP ***************************************************************************************************
agent                      : ok=2    changed=1    unreachable=0    failed=0

root@master:/etc/ansible# ansible-playbook playbooks/sample.yml --limit "dba,raja"

PLAY [dba] ***************************************************************************************************

TASK [Gathering Facts] ***************************************************************************************
ok: [agent]

TASK [run echo command] **************************************************************************************
changed: [agent]

PLAY RECAP ***************************************************************************************************
agent                      : ok=2    changed=1    unreachable=0    failed=0

root@master:/etc/ansible# ansible-playbook playbooks/sample.yml --limit "all:!raja"
-bash: !raja: event not found
root@master:/etc/ansible# ansible-playbook playbooks/sample.yml --limit 'all:!raja'

PLAY [dba] ***************************************************************************************************

TASK [Gathering Facts] ***************************************************************************************
ok: [agent]

TASK [run echo command] **************************************************************************************
changed: [agent]

PLAY RECAP ***************************************************************************************************
agent                      : ok=2    changed=1    unreachable=0    failed=0

root@master:/etc/ansible# ansible-playbook playbooks/sample.yml --limit 'all:!dba'

PLAY [dba] ***************************************************************************************************
skipping: no hosts matched

PLAY RECAP ***************************************************************************************************

root@master:/etc/ansible# cd playbooks/
root@master:/etc/ansible/playbooks# ansible-playbook sample.yml --limit 'all:!dba'

PLAY [dba] ***************************************************************************************************
skipping: no hosts matched

PLAY RECAP ***************************************************************************************************

root@master:/etc/ansible/playbooks# cd ..
root@master:/etc/ansible# ls
ansible.cfg  host1  hosts  playbooks  roles
root@master:/etc/ansible# rm -rf host1
root@master:/etc/ansible# ansible-playbook playbooks/sample.yml --limit 'all:!dba'

PLAY [dba] ***************************************************************************************************
skipping: no hosts matched

PLAY RECAP ***************************************************************************************************

root@master:/etc/ansible# ansible-playbook playbooks/sample.yml --limit 'all:!agent'

PLAY [dba] ***************************************************************************************************
skipping: no hosts matched

PLAY RECAP ***************************************************************************************************

root@master:/etc/ansible# ansible-playbook playbooks/sample.yml --limit 'all:!master'

PLAY [dba] ***************************************************************************************************

TASK [Gathering Facts] ***************************************************************************************
ok: [agent]

TASK [run echo command] **************************************************************************************
changed: [agent]

PLAY RECAP ***************************************************************************************************
agent                      : ok=2    changed=1    unreachable=0    failed=0

root@master:/etc/ansible# ssh root@agent
Welcome to Ubuntu 18.04.1 LTS (GNU/Linux 4.15.0-1023-aws x86_64)

 * Documentation:  https://help.ubuntu.com
 * Management:     https://landscape.canonical.com
 * Support:        https://ubuntu.com/advantage

  System information as of Sun Oct 28 05:09:43 UTC 2018

  System load:  0.0               Processes:           90
  Usage of /:   24.9% of 7.69GB   Users logged in:     0
  Memory usage: 30%               IP address for eth0: 172.31.20.30
  Swap usage:   0%

 * Security certifications for Ubuntu!
   We now have FIPS, STIG, CC and a CIS Benchmark.

   - http://bit.ly/Security_Certification

 * Want to make a highly secure kiosk, smart display or touchscreen?
   Here's a step-by-step tutorial for a rainy weekend, or a startup.

   - https://bit.ly/secure-kiosk


  Get cloud support with Ubuntu Advantage Cloud Guest:
    http://www.ubuntu.com/business/services/cloud

56 packages can be updated.
0 updates are security updates.


Last login: Sun Oct 28 05:09:15 2018 from 172.31.28.0
root@agent:~# exit
logout
Connection to agent closed.
root@master:/etc/ansible# ansible-playbook playbooks/sample.yml --limit 'all:!master'

PLAY [dba] ***************************************************************************************************

TASK [Gathering Facts] ***************************************************************************************
ok: [agent]

TASK [run echo command] **************************************************************************************
changed: [agent]

PLAY RECAP ***************************************************************************************************
agent                      : ok=2    changed=1    unreachable=0    failed=0

root@master:/etc/ansible# ansible-playbook playbooks/sample.yml --limit 'all:!agent'

PLAY [dba] ***************************************************************************************************
skipping: no hosts matched

PLAY RECAP ***************************************************************************************************

root@master:/etc/ansible# ansible-playbook playbooks/sample.yml --limit 'dba'

PLAY [dba] ***************************************************************************************************

TASK [Gathering Facts] ***************************************************************************************
ok: [agent]

TASK [run echo command] **************************************************************************************
changed: [agent]

PLAY RECAP ***************************************************************************************************
agent                      : ok=2    changed=1    unreachable=0    failed=0

root@master:/etc/ansible# ansible-playbook playbooks/sample.yml --limit 'raja'

PLAY [dba] ***************************************************************************************************
skipping: no hosts matched

PLAY RECAP ***************************************************************************************************

root@master:/etc/ansible# vi hosts
root@master:/etc/ansible# ansible-playbook playbooks/sample.yml --limit 'raja'

PLAY [dba] ***************************************************************************************************
skipping: no hosts matched

PLAY RECAP ***************************************************************************************************

root@master:/etc/ansible# ansible-playbook playbooks/sample.yml --tags 'install'

PLAY [dba] ***************************************************************************************************

TASK [Gathering Facts] ***************************************************************************************
ok: [agent]

PLAY RECAP ***************************************************************************************************
agent                      : ok=1    changed=0    unreachable=0    failed=0

root@master:/etc/ansible# ansible-playbook playbooks/gitinstall.yaml --tags 'install'
[DEPRECATION WARNING]: Instead of sudo/sudo_user, use become/become_user and make sure become_method is
'sudo' (default). This feature will be removed in version 2.9. Deprecation warnings can be disabled by
setting deprecation_warnings=False in ansible.cfg.

PLAY [agent] *************************************************************************************************

TASK [Gathering Facts] ***************************************************************************************
ok: [agent]

PLAY RECAP ***************************************************************************************************
agent                      : ok=1    changed=0    unreachable=0    failed=0

root@master:/etc/ansible# ansible-playbook playbooks/gitinstall.yaml --skip-tags 'sudoers'
[DEPRECATION WARNING]: Instead of sudo/sudo_user, use become/become_user and make sure become_method is
'sudo' (default). This feature will be removed in version 2.9. Deprecation warnings can be disabled by
setting deprecation_warnings=False in ansible.cfg.

PLAY [agent] *************************************************************************************************

TASK [Gathering Facts] ***************************************************************************************
ok: [agent]

TASK [install packages] **************************************************************************************
[DEPRECATION WARNING]: Invoking "apt" only once while using a loop via squash_actions is deprecated. Instead
of using a loop to supply multiple items and specifying `name: {{ item }}`, please use `name: [u'git']` and
remove the loop. This feature will be removed in version 2.11. Deprecation warnings can be disabled by
setting deprecation_warnings=False in ansible.cfg.
ok: [agent] => (item=[u'git'])

PLAY RECAP ***************************************************************************************************
agent                      : ok=2    changed=0    unreachable=0    failed=0

root@master:/etc/ansible# cat playbooks/gitinstall.yaml
---
- hosts: agent
  sudo: yes

  tasks:

  - name: install packages
    apt: name={{ item }} update_cache=yes state=latest
    with_items:
            - git
root@master:/etc/ansible# ansible-playbook playbooks/gitinstall.yaml --skip-tags 'sudo'
[DEPRECATION WARNING]: Instead of sudo/sudo_user, use become/become_user and make sure become_method is
'sudo' (default). This feature will be removed in version 2.9. Deprecation warnings can be disabled by
setting deprecation_warnings=False in ansible.cfg.

PLAY [agent] *************************************************************************************************

TASK [Gathering Facts] ***************************************************************************************
ok: [agent]

TASK [install packages] **************************************************************************************
[DEPRECATION WARNING]: Invoking "apt" only once while using a loop via squash_actions is deprecated. Instead
of using a loop to supply multiple items and specifying `name: {{ item }}`, please use `name: [u'git']` and
remove the loop. This feature will be removed in version 2.11. Deprecation warnings can be disabled by
setting deprecation_warnings=False in ansible.cfg.
ok: [agent] => (item=[u'git'])

PLAY RECAP ***************************************************************************************************
agent                      : ok=2    changed=0    unreachable=0    failed=0

root@master:/etc/ansible# cd playbooks/
root@master:/etc/ansible/playbooks# ls
gitinstall.yaml  hosts  import.retry  import.yml  m1.retry  m1.yaml  sample.retry  sample.yml
root@master:/etc/ansible/playbooks# vi checkmode.yaml
root@master:/etc/ansible/playbooks# ansible-playbook checkmode.yaml --flush-cache
ERROR! playbooks must be a list of plays

The error appears to have been in '/etc/ansible/playbooks/checkmode.yaml': line 1, column 1, but may
be elsewhere in the file depending on the exact syntax problem.

The offending line appears to be:


tasks:
^ here

root@master:/etc/ansible/playbooks# vi checkmode.yaml
root@master:/etc/ansible/playbooks# ansible-playbook checkmode.yaml --flush-cache
ERROR! playbooks must be a list of plays

The error appears to have been in '/etc/ansible/playbooks/checkmode.yaml': line 2, column 1, but may
be elsewhere in the file depending on the exact syntax problem.

The offending line appears to be:

---
tasks:
^ here

root@master:/etc/ansible/playbooks# vi checkmode.yaml
root@master:/etc/ansible/playbooks# ansible-playbook checkmode.yaml --flush-cache

PLAY [agent] *************************************************************************************************

TASK [Gathering Facts] ***************************************************************************************
ok: [agent]

TASK [this task will make changes to the system even in check mode] ******************************************
fatal: [agent]: FAILED! => {"changed": false, "cmd": "/something/to/run --even-in-check-mode", "msg": "[Errno 2] No such file or directory", "rc": 2}
        to retry, use: --limit @/etc/ansible/playbooks/checkmode.retry

PLAY RECAP ***************************************************************************************************
agent                      : ok=1    changed=0    unreachable=0    failed=1

root@master:/etc/ansible/playbooks# vi checkmode.yaml
root@master:/etc/ansible/playbooks# ansible-playbook checkmode.yaml --flush-cache

PLAY [agent] *************************************************************************************************

TASK [Gathering Facts] ***************************************************************************************
ok: [agent]

TASK [this task will make changes to the system even in check mode] ******************************************
fatal: [agent]: FAILED! => {"changed": true, "cmd": ["ifconfig", "--even-in-check-mode"], "delta": "0:00:00.004491", "end": "2018-10-28 05:26:24.595709", "msg": "non-zero return code", "rc": 1, "start": "2018-10-28 05:26:24.591218", "stderr": "ifconfig: option `--even-in-check-mode' not recognised.\nifconfig: `--help' gives usage information.", "stderr_lines": ["ifconfig: option `--even-in-check-mode' not recognised.", "ifconfig: `--help' gives usage information."], "stdout": "", "stdout_lines": []}
        to retry, use: --limit @/etc/ansible/playbooks/checkmode.retry

PLAY RECAP ***************************************************************************************************
agent                      : ok=1    changed=0    unreachable=0    failed=1

root@master:/etc/ansible/playbooks# vi checkmode.yaml
root@master:/etc/ansible/playbooks# ansible-playbook checkmode.yaml --flush-cache

PLAY [agent] *************************************************************************************************

TASK [Gathering Facts] ***************************************************************************************
ok: [agent]

TASK [this task will make changes to the system even in check mode] ******************************************
changed: [agent]

TASK [this task will always run under checkmode and not change the system] ***********************************
fatal: [agent]: FAILED! => {"changed": false, "msg": "Destination /path/to/myconfig.conf does not exist !", "rc": 257}
        to retry, use: --limit @/etc/ansible/playbooks/checkmode.retry

PLAY RECAP ***************************************************************************************************
agent                      : ok=2    changed=1    unreachable=0    failed=1

root@master:/etc/ansible/playbooks# ansible-playbook checkmode.yaml --syntax-check

playbook: checkmode.yaml
root@master:/etc/ansible/playbooks# ansible-playbook checkmode.yaml --check

PLAY [agent] *************************************************************************************************

TASK [Gathering Facts] ***************************************************************************************
ok: [agent]

TASK [this task will make changes to the system even in check mode] ******************************************
changed: [agent]

TASK [this task will always run under checkmode and not change the system] ***********************************
fatal: [agent]: FAILED! => {"changed": false, "msg": "Destination /path/to/myconfig.conf does not exist !", "rc": 257}
        to retry, use: --limit @/etc/ansible/playbooks/checkmode.retry

PLAY RECAP ***************************************************************************************************
agent                      : ok=2    changed=1    unreachable=0    failed=1

root@master:/etc/ansible/playbooks# vi git.yaml
root@master:/etc/ansible/playbooks# ansible-playbook gityaml --check
git.yaml         gitinstall.yaml
root@master:/etc/ansible/playbooks# ansible-playbook git.yaml

PLAY [agent] *************************************************************************************************

TASK [Gathering Facts] ***************************************************************************************
ok: [agent]

TASK [this task will be skipped in check mode] ***************************************************************
fatal: [agent]: FAILED! => {"changed": false, "cmd": "/usr/bin/git clone --origin origin 'ssh:********@github.com:loverajarani/rajarani.git' /home/ubuntu", "msg": "fatal: destination path '/home/ubuntu' already exists and is not an empty directory.", "rc": 128, "stderr": "fatal: destination path '/home/ubuntu' already exists and is not an empty directory.\n", "stderr_lines": ["fatal: destination path '/home/ubuntu' already exists and is not an empty directory."], "stdout": "", "stdout_lines": []}
        to retry, use: --limit @/etc/ansible/playbooks/git.retry

PLAY RECAP ***************************************************************************************************
agent                      : ok=1    changed=0    unreachable=0    failed=1

root@master:/etc/ansible/playbooks# vi git
git.retry        git.yaml         gitinstall.yaml
root@master:/etc/ansible/playbooks# vi git.yaml
root@master:/etc/ansible/playbooks# ansible-playbook git.yaml

PLAY [agent] *************************************************************************************************

TASK [Gathering Facts] ***************************************************************************************
ok: [agent]

TASK [this task will be skipped in check mode] ***************************************************************
fatal: [agent]: FAILED! => {"changed": false, "cmd": "/usr/bin/git clone --origin origin 'ssh:********@github.com:loverajarani/rajarani.git' /home/ubuntu/hello", "msg": "Cloning into '/home/ubuntu/hello'...\nssh: Could not resolve hostname ssh: Temporary failure in name resolution\r\nfatal: Could not read from remote repository.\n\nPlease make sure you have the correct access rights\nand the repository exists.", "rc": 128, "stderr": "Cloning into '/home/ubuntu/hello'...\nssh: Could not resolve hostname ssh: Temporary failure in name resolution\r\nfatal: Could not read from remote repository.\n\nPlease make sure you have the correct access rights\nand the repository exists.\n", "stderr_lines": ["Cloning into '/home/ubuntu/hello'...", "ssh: Could not resolve hostname ssh: Temporary failure in name resolution", "fatal: Could not read from remote repository.", "", "Please make sure you have the correct access rights", "and the repository exists."], "stdout": "", "stdout_lines": []}
        to retry, use: --limit @/etc/ansible/playbooks/git.retry

PLAY RECAP ***************************************************************************************************
agent                      : ok=1    changed=0    unreachable=0    failed=1

root@master:/etc/ansible/playbooks# vi git.yaml
root@master:/etc/ansible/playbooks# ansible-playbook git.yaml

PLAY [agent] *************************************************************************************************

TASK [Gathering Facts] ***************************************************************************************
ok: [agent]

TASK [this task will be skipped in check mode] ***************************************************************
fatal: [agent]: FAILED! => {"changed": false, "cmd": "/usr/bin/git clone --origin origin 'ssh:********@github.com:loverajarani/rajarani.git' /root/hello", "msg": "Cloning into '/root/hello'...\nssh: Could not resolve hostname ssh: Temporary failure in name resolution\r\nfatal: Could not read from remote repository.\n\nPlease make sure you have the correct access rights\nand the repository exists.", "rc": 128, "stderr": "Cloning into '/root/hello'...\nssh: Could not resolve hostname ssh: Temporary failure in name resolution\r\nfatal: Could not read from remote repository.\n\nPlease make sure you have the correct access rights\nand the repository exists.\n", "stderr_lines": ["Cloning into '/root/hello'...", "ssh: Could not resolve hostname ssh: Temporary failure in name resolution", "fatal: Could not read from remote repository.", "", "Please make sure you have the correct access rights", "and the repository exists."], "stdout": "", "stdout_lines": []}
        to retry, use: --limit @/etc/ansible/playbooks/git.retry

PLAY RECAP ***************************************************************************************************
agent                      : ok=1    changed=0    unreachable=0    failed=1

root@master:/etc/ansible/playbooks# ssh root@agent
Welcome to Ubuntu 18.04.1 LTS (GNU/Linux 4.15.0-1023-aws x86_64)

 * Documentation:  https://help.ubuntu.com
 * Management:     https://landscape.canonical.com
 * Support:        https://ubuntu.com/advantage

  System information as of Sun Oct 28 05:38:46 UTC 2018

  System load:  0.0               Processes:           90
  Usage of /:   24.9% of 7.69GB   Users logged in:     0
  Memory usage: 30%               IP address for eth0: 172.31.20.30
  Swap usage:   0%

 * Security certifications for Ubuntu!
   We now have FIPS, STIG, CC and a CIS Benchmark.

   - http://bit.ly/Security_Certification

 * Want to make a highly secure kiosk, smart display or touchscreen?
   Here's a step-by-step tutorial for a rainy weekend, or a startup.

   - https://bit.ly/secure-kiosk


  Get cloud support with Ubuntu Advantage Cloud Guest:
    http://www.ubuntu.com/business/services/cloud

56 packages can be updated.
0 updates are security updates.


Last login: Sun Oct 28 05:38:12 2018 from 172.31.28.0
root@agent:~# git -version
unknown option: -version
usage: git [--version] [--help] [-C <path>] [-c <name>=<value>]
           [--exec-path[=<path>]] [--html-path] [--man-path] [--info-path]
           [-p | --paginate | --no-pager] [--no-replace-objects] [--bare]
           [--git-dir=<path>] [--work-tree=<path>] [--namespace=<name>]
           <command> [<args>]
root@agent:~# git --version
git version 2.17.1
root@agent:~# ls
abc  abc.txt  snap  xyz.txt
root@agent:~# mkdir hello
root@agent:~# ls
abc  abc.txt  hello  snap  xyz.txt
root@agent:~# exit
logout
Connection to agent closed.
root@master:/etc/ansible/playbooks# ansible-playbook git.yaml

PLAY [agent] *************************************************************************************************

TASK [Gathering Facts] ***************************************************************************************
ok: [agent]

TASK [this task will be skipped in check mode] ***************************************************************
fatal: [agent]: FAILED! => {"changed": false, "cmd": "/usr/bin/git clone --origin origin 'ssh:********@github.com:loverajarani/rajarani.git' /root/hello", "msg": "Cloning into '/root/hello'...\nssh: Could not resolve hostname ssh: Temporary failure in name resolution\r\nfatal: Could not read from remote repository.\n\nPlease make sure you have the correct access rights\nand the repository exists.", "rc": 128, "stderr": "Cloning into '/root/hello'...\nssh: Could not resolve hostname ssh: Temporary failure in name resolution\r\nfatal: Could not read from remote repository.\n\nPlease make sure you have the correct access rights\nand the repository exists.\n", "stderr_lines": ["Cloning into '/root/hello'...", "ssh: Could not resolve hostname ssh: Temporary failure in name resolution", "fatal: Could not read from remote repository.", "", "Please make sure you have the correct access rights", "and the repository exists."], "stdout": "", "stdout_lines": []}
        to retry, use: --limit @/etc/ansible/playbooks/git.retry

PLAY RECAP ***************************************************************************************************
agent                      : ok=1    changed=0    unreachable=0    failed=1

root@master:/etc/ansible/playbooks#
──────────────────────────────────────────────────────────────────────────────────────────────────────────────

Session stopped
    - Press <return> to exit tab
    - Press R to restart session
    - Press S to save terminal output to file

Network error: Software caused connection abort

 service: name=Apache state=start
root@master:/etc/ansible/playbooks# cat git.yaml
---
- hosts: agent
  tasks:

   - name: this task will be skipped in check mode
     git:
      repo: ssh:git@github.com:loverajarani/rajarani.git
      dest: /root/hello
     when: not ansible_check_mode

   - name: this task will ignore errors in check mode
     git:
      repo: ssh://git@github.com:loverajarani/rajarani.git
      dest: /root/hello
     ignore_errors: "{{ ansible_check_mode }}"
root@master:/etc/ansible/playbooks# ls
abc.txt          checkmode.yaml  git.yaml         hosts         import.yml  m1.yaml       sample.yml
checkmode.retry  git.retry       gitinstall.yaml  import.retry  m1.retry    sample.retry
root@master:/etc/ansible/playbooks# rm -rf git.yaml
root@master:/etc/ansible/playbooks# rm -rf git.retry
root@master:/etc/ansible/playbooks# rm -rf m1.yaml
root@master:/etc/ansible/playbooks# rm -rf m1.retry
root@master:/etc/ansible/playbooks# rm -rf checkmode.yaml
root@master:/etc/ansible/playbooks# rm -rf checkmode.retry
root@master:/etc/ansible/playbooks# rm -rf import.yml
root@master:/etc/ansible/playbooks# rm -rf import.retry
root@master:/etc/ansible/playbooks# ls
abc.txt  gitinstall.yaml  hosts  sample.retry  sample.yml
root@master:/etc/ansible/playbooks# clear
root@master:/etc/ansible/playbooks# vi demo.yaml
root@master:/etc/ansible/playbooks# ansible-playbook demo.yaml
ERROR! Syntax Error while loading YAML.
  could not find expected ':'

The error appears to have been in '/etc/ansible/playbooks/demo.yaml': line 4, column 3, but may
be elsewhere in the file depending on the exact syntax problem.

The offending line appears to be:

  user:root
  var:
  ^ here

root@master:/etc/ansible/playbooks# vi demo.yaml
root@master:/etc/ansible/playbooks#
root@master:/etc/ansible/playbooks# ansible-playbook demo.yaml
ERROR! Syntax Error while loading YAML.
  could not find expected ':'

The error appears to have been in '/etc/ansible/playbooks/demo.yaml': line 4, column 3, but may
be elsewhere in the file depending on the exact syntax problem.

The offending line appears to be:

  user:root
  var:
  ^ here

root@master:/etc/ansible/playbooks# vi demo.yaml
root@master:/etc/ansible/playbooks# ansible-playbook demo.yaml
ERROR! 'var' is not a valid attribute for a Play

The error appears to have been in '/etc/ansible/playbooks/demo.yaml': line 2, column 3, but may
be elsewhere in the file depending on the exact syntax problem.

The offending line appears to be:

---
- hosts: dba
  ^ here

root@master:/etc/ansible/playbooks#
root@master:/etc/ansible/playbooks# vi demo.yaml
root@master:/etc/ansible/playbooks# ansible-playbook demo.yaml
ERROR! 'var' is not a valid attribute for a Play

The error appears to have been in '/etc/ansible/playbooks/demo.yaml': line 2, column 3, but may
be elsewhere in the file depending on the exact syntax problem.

The offending line appears to be:

---
- hosts: dba
  ^ here

root@master:/etc/ansible/playbooks# vi demo.yaml
root@master:/etc/ansible/playbooks# tree roles

Command 'tree' not found, but can be installed with:

snap install tree  # version 3.5, or
apt  install tree

See 'snap info tree' for additional versions.

root@master:/etc/ansible/playbooks# ls
abc.txt  demo.yaml  gitinstall.yaml  hosts  sample.retry  sample.yml
root@master:/etc/ansible/playbooks# cd ..
root@master:/etc/ansible# ls
ansible.cfg  hosts  playbooks  roles
root@master:/etc/ansible# cd roles
root@master:/etc/ansible/roles# ls
root@master:/etc/ansible/roles# cd ..
root@master:/etc/ansible# vi book1.yml
---
- hosts: all
  tasks:
          - name: check os versions of all environments
            raw: cat /etc/issue
  register: os_version
  - debug: msg="{{os_version}}"
  - name: install packages or remove package
    apt: pkg=git state=remove
    when: ansible-os-
──────────────────────────────────────────────────────────────────────────────────────────────────────────────
~
Session stopped
    - Press <return> to exit tab
    - Press R to restart session
    - Press S to save terminal output to file
~
Network error: Software caused connection abort
~
~
~
~
~
~
~
~
~
~
~
~
~
-- INSERT --                                                                                10,22         All

PLAY RECAP ***************************************************************************************************
agent                      : ok=4    changed=2    unreachable=0    failed=0

root@master:/etc/ansible/playbooks# cat book1..Y
cat: book1..Y: No such file or directory
root@master:/etc/ansible/playbooks# cat book1.yml
---
- hosts: agent
  tasks:
  - name: checking os versions
    raw: cat /etc/issue
    register: os_version
  - debug: msg="{{os_version}}"
  - name: install or remove packages
    apt: pkg=git state=removed
    when: ansible_os_family=="Debian"
root@master:/etc/ansible/playbooks# cat book2.yml
---
- hosts: agent
  tasks:
  - name: checking os versions
    raw: cat /etc/issue
    register: os_version
  - debug: msg="{{os_version}}"
  - name: install or remove packages
    apt: pkg=git state=present
    when: ansible_os_family=="Debian"
  - name: install or remove packages
    yum: pkg=git state=installed
    when: ansible_os_family=="RedHat"
root@master:/etc/ansible/playbooks# clear
root@master:/etc/ansible/playbooks# vi book3.yml
root@master:/etc/ansible/playbooks# ansible-playbook book3.yml
ERROR! Syntax Error while loading YAML.
  did not find expected key

The error appears to have been in '/etc/ansible/playbooks/book3.yml': line 8, column 5, but may
be elsewhere in the file depending on the exact syntax problem.

The offending line appears to be:

    register: dir
    - debug: msg="{{dir}}"
    ^ here
We could be wrong, but this one looks like it might be an issue with
missing quotes.  Always quote template expression brackets when they
start a value. For instance:

    with_items:
      - {{ foo }}

Should be written as:

    with_items:
      - "{{ foo }}"

root@master:/etc/ansible/playbooks# vi book3.yml
root@master:/etc/ansible/playbooks# ansible-playbook book3.yml

PLAY [agent] *************************************************************************************************

TASK [Gathering Facts] ***************************************************************************************
ok: [agent]

TASK [finding the directory of /root/hello] ******************************************************************
ok: [agent]

TASK [debug] *************************************************************************************************
ok: [agent] => {
    "msg": {
        "changed": false,
        "failed": false,
        "stat": {
            "atime": 1540705178.244499,
            "attr_flags": "e",
            "attributes": [
                "extents"
            ],
            "block_size": 4096,
            "blocks": 8,
            "charset": "binary",
            "ctime": 1540705178.244499,
            "dev": 51713,
            "device_type": 0,
            "executable": true,
            "exists": true,
            "gid": 0,
            "gr_name": "root",
            "inode": 256217,
            "isblk": false,
            "ischr": false,
            "isdir": true,
            "isfifo": false,
            "isgid": false,
            "islnk": false,
            "isreg": false,
            "issock": false,
            "isuid": false,
            "mimetype": "inode/directory",
            "mode": "0755",
            "mtime": 1540705178.244499,
            "nlink": 2,
            "path": "/root/hello",
            "pw_name": "root",
            "readable": true,
            "rgrp": true,
            "roth": true,
            "rusr": true,
            "size": 4096,
            "uid": 0,
            "version": "1705902572",
            "wgrp": false,
            "woth": false,
            "writeable": true,
            "wusr": true,
            "xgrp": true,
            "xoth": true,
            "xusr": true
        }
    }
}

PLAY RECAP ***************************************************************************************************
agent                      : ok=3    changed=0    unreachable=0    failed=0

root@master:/etc/ansible/playbooks# cat book3.yml
---
- hosts: agent
  tasks:
  - name: finding the directory of /root/hello
    stat:
     path: /root/hello
    register: dir
  - debug: msg="{{dir}}"
root@master:/etc/ansible/playbooks# vi book3.yml
root@master:/etc/ansible/playbooks# ansible-playbook book3.yml

PLAY [agent] *************************************************************************************************

TASK [Gathering Facts] ***************************************************************************************
ok: [agent]

TASK [create file in /root/hello] ****************************************************************************
fatal: [agent]: FAILED! => {"msg": "The conditional check 'dir.stat.exit==true' failed. The error was: error while evaluating conditional (dir.stat.exit==true): 'dir' is undefined\n\nThe error appears to have been in '/etc/ansible/playbooks/book3.yml': line 5, column 5, but may\nbe elsewhere in the file depending on the exact syntax problem.\n\nThe offending line appears to be:\n\n\n  - name: create file in /root/hello\n    ^ here\n"}
        to retry, use: --limit @/etc/ansible/playbooks/book3.retry

PLAY RECAP ***************************************************************************************************
agent                      : ok=1    changed=0    unreachable=0    failed=1

root@master:/etc/ansible/playbooks# ansible-playbook book3.yml --syntax-check

playbook: book3.yml
root@master:/etc/ansible/playbooks# vi book3.yml
root@master:/etc/ansible/playbooks# ansible-playbook book3.yml

PLAY [agent] *************************************************************************************************

TASK [Gathering Facts] ***************************************************************************************
ok: [agent]

TASK [create file in /root/hello] ****************************************************************************
fatal: [agent]: FAILED! => {"msg": "The conditional check 'dir.stat.exists==true' failed. The error was: error while evaluating conditional (dir.stat.exists==true): 'dir' is undefined\n\nThe error appears to have been in '/etc/ansible/playbooks/book3.yml': line 5, column 5, but may\nbe elsewhere in the file depending on the exact syntax problem.\n\nThe offending line appears to be:\n\n\n  - name: create file in /root/hello\n    ^ here\n"}
        to retry, use: --limit @/etc/ansible/playbooks/book3.retry

PLAY RECAP ***************************************************************************************************
agent                      : ok=1    changed=0    unreachable=0    failed=1

root@master:/etc/ansible/playbooks# vi book3.yml
root@master:/etc/ansible/playbooks# ansible-playbook book3.yml

PLAY [agent] *************************************************************************************************

TASK [Gathering Facts] ***************************************************************************************
ok: [agent]

TASK [finding the directory of /root/hello] ******************************************************************
ok: [agent]

TASK [debug] *************************************************************************************************
ok: [agent] => {
    "msg": {
        "changed": false,
        "failed": false,
        "stat": {
            "atime": 1540705178.244499,
            "attr_flags": "e",
            "attributes": [
                "extents"
            ],
            "block_size": 4096,
            "blocks": 8,
            "charset": "binary",
            "ctime": 1540705178.244499,
            "dev": 51713,
            "device_type": 0,
            "executable": true,
            "exists": true,
            "gid": 0,
            "gr_name": "root",
            "inode": 256217,
            "isblk": false,
            "ischr": false,
            "isdir": true,
            "isfifo": false,
            "isgid": false,
            "islnk": false,
            "isreg": false,
            "issock": false,
            "isuid": false,
            "mimetype": "inode/directory",
            "mode": "0755",
            "mtime": 1540705178.244499,
            "nlink": 2,
            "path": "/root/hello",
            "pw_name": "root",
            "readable": true,
            "rgrp": true,
            "roth": true,
            "rusr": true,
            "size": 4096,
            "uid": 0,
            "version": "1705902572",
            "wgrp": false,
            "woth": false,
            "writeable": true,
            "wusr": true,
            "xgrp": true,
            "xoth": true,
            "xusr": true
        }
    }
}

TASK [create file in /root/hello] ****************************************************************************
changed: [agent]

PLAY RECAP ***************************************************************************************************
agent                      : ok=4    changed=1    unreachable=0    failed=0

root@master:/etc/ansible/playbooks# cat book3.yml
---
- hosts: agent
  tasks:
  - name: finding the directory of /root/hello
    stat:
     path: /root/hello
    register: dir
  - debug: msg="{{dir}}"
  - name: create file in /root/hello
    file: path=/root/hello state=touch
    when: dir.stat.exists==true

root@master:/etc/ansible/playbooks# vi gitrepo.yml

~
~
~
~
~
~
~
~
~
~
~
~
~
~
~
~
~
~
~
~
~
~
~
~
~
~
~
~
~
~
"gitrepo.yml" [New File]                                                                    0,0-1         All

Authenticating with public key "imported-openssh-key"
     ┌────────────────────────────────────────────────────────────────────┐
     │                        • MobaXterm 10.8 •                          │
     │            (SSH client, X-server and networking tools)             │
     │                                                                    │
     │ ➤ SSH session to ubuntu@18.208.218.248                             │
     │   • SSH compression : ✔                                            │
     │   • SSH-browser     : ✔                                            │
     │   • X11-forwarding  : ✔  (remote display is forwarded through SSH) │
     │   • DISPLAY         : ✔  (automatically set on remote server)      │
     │                                                                    │
     │ ➤ For more info, ctrl+click on help or visit our website           │
     └────────────────────────────────────────────────────────────────────┘

Welcome to Ubuntu 18.04.1 LTS (GNU/Linux 4.15.0-1023-aws x86_64)

 * Documentation:  https://help.ubuntu.com
 * Management:     https://landscape.canonical.com
 * Support:        https://ubuntu.com/advantage

  System information as of Sun Oct 28 06:58:43 UTC 2018

  System load:  0.0               Processes:           107
  Usage of /:   21.9% of 7.69GB   Users logged in:     1
  Memory usage: 20%               IP address for eth0: 172.31.28.0
  Swap usage:   0%

 * Security certifications for Ubuntu!
   We now have FIPS, STIG, CC and a CIS Benchmark.

   - http://bit.ly/Security_Certification

 * Want to make a highly secure kiosk, smart display or touchscreen?
   Here's a step-by-step tutorial for a rainy weekend, or a startup.

   - https://bit.ly/secure-kiosk


  Get cloud support with Ubuntu Advantage Cloud Guest:
    http://www.ubuntu.com/business/services/cloud

 * Canonical Livepatch is available for installation.
   - Reduce system reboots and improve kernel security. Activate at:
     https://ubuntu.com/livepatch

57 packages can be updated.
0 updates are security updates.


Last login: Sun Oct 28 06:24:02 2018 from 124.123.87.175
ubuntu@master:~$ sudo -i
root@master:~# cd /etc/ansible/playbooks/
root@master:/etc/ansible/playbooks# ls
abc.txt      book1.yml  book3.retry  demo.yaml        hosts         sample.yml
book1.retry  book2.yml  book3.yml    gitinstall.yaml  sample.retry
root@master:/etc/ansible/playbooks# vi gitrepo.yml
root@master:/etc/ansible/playbooks# ansible-playbook gitrepo.yml

PLAY [agent] *************************************************************************************************

TASK [Gathering Facts] ***************************************************************************************
ok: [agent]

TASK [getting webhooks] **************************************************************************************
fatal: [agent]: FAILED! => {"changed": false, "msg": "Unsupported parameters for (git) module: register Supported parameters include: accept_hostkey, archive, bare, clone, depth, dest, executable, force, key_file, recursive, reference, refspec, remote, repo, separate_git_dir, ssh_opts, track_submodules, umask, update, verify_commit, version"}
        to retry, use: --limit @/etc/ansible/playbooks/gitrepo.retry

PLAY RECAP ***************************************************************************************************
agent                      : ok=1    changed=0    unreachable=0    failed=1

root@master:/etc/ansible/playbooks# vi gitrepo.yml
root@master:/etc/ansible/playbooks# ansible-playbook gitrepo.yml

PLAY [agent] *************************************************************************************************

TASK [Gathering Facts] ***************************************************************************************
ok: [agent]

TASK [create a directoryin /tmp] *****************************************************************************
changed: [agent]

TASK [getting webhooks] **************************************************************************************
fatal: [agent]: FAILED! => {"changed": false, "msg": "Unsupported parameters for (git) module: register Supported parameters include: accept_hostkey, archive, bare, clone, depth, dest, executable, force, key_file, recursive, reference, refspec, remote, repo, separate_git_dir, ssh_opts, track_submodules, umask, update, verify_commit, version"}
        to retry, use: --limit @/etc/ansible/playbooks/gitrepo.retry

PLAY RECAP ***************************************************************************************************
agent                      : ok=2    changed=1    unreachable=0    failed=1

root@master:/etc/ansible/playbooks# vi gitrepo.yml
root@master:/etc/ansible/playbooks# ansible-playbook gitrepo.yml

PLAY [agent] *************************************************************************************************

TASK [Gathering Facts] ***************************************************************************************
ok: [agent]

TASK [install git] *******************************************************************************************
[DEPRECATION WARNING]: State 'installed' is deprecated. Using state 'present' instead.. This feature will be
removed in version 2.9. Deprecation warnings can be disabled by setting deprecation_warnings=False in
ansible.cfg.
ok: [agent]

TASK [create a directoryin /tmp] *****************************************************************************
ok: [agent]

TASK [getting webhooks] **************************************************************************************
fatal: [agent]: FAILED! => {"changed": false, "msg": "Unsupported parameters for (git) module: register Supported parameters include: accept_hostkey, archive, bare, clone, depth, dest, executable, force, key_file, recursive, reference, refspec, remote, repo, separate_git_dir, ssh_opts, track_submodules, umask, update, verify_commit, version"}
        to retry, use: --limit @/etc/ansible/playbooks/gitrepo.retry

PLAY RECAP ***************************************************************************************************
agent                      : ok=3    changed=0    unreachable=0    failed=1

root@master:/etc/ansible/playbooks# vi gitrepo.yml
root@master:/etc/ansible/playbooks# ansible-playbook gitrepo.yml

PLAY [agent] *************************************************************************************************

TASK [Gathering Facts] ***************************************************************************************
ok: [agent]

TASK [install git] *******************************************************************************************
[DEPRECATION WARNING]: State 'installed' is deprecated. Using state 'present' instead.. This feature will be
removed in version 2.9. Deprecation warnings can be disabled by setting deprecation_warnings=False in
ansible.cfg.
ok: [agent]

TASK [create a directoryin /tmp] *****************************************************************************
ok: [agent]

TASK [getting webhooks] **************************************************************************************
fatal: [agent]: FAILED! => {"changed": false, "msg": "Unsupported parameters for (git) module: register Supported parameters include: accept_hostkey, archive, bare, clone, depth, dest, executable, force, key_file, recursive, reference, refspec, remote, repo, separate_git_dir, ssh_opts, track_submodules, umask, update, verify_commit, version"}
        to retry, use: --limit @/etc/ansible/playbooks/gitrepo.retry

PLAY RECAP ***************************************************************************************************
agent                      : ok=3    changed=0    unreachable=0    failed=1

root@master:/etc/ansible/playbooks# vi gitrepo.yml
root@master:/etc/ansible/playbooks# ansible-playbook gitrepo.yml

PLAY [agent] *************************************************************************************************

TASK [Gathering Facts] ***************************************************************************************
ok: [agent]

TASK [install git] *******************************************************************************************
[DEPRECATION WARNING]: State 'installed' is deprecated. Using state 'present' instead.. This feature will be
removed in version 2.9. Deprecation warnings can be disabled by setting deprecation_warnings=False in
ansible.cfg.
ok: [agent]

TASK [create a directoryin /tmp] *****************************************************************************
ok: [agent]

TASK [getting webhooks] **************************************************************************************
fatal: [agent]: FAILED! => {"changed": false, "msg": "Unsupported parameters for (git) module: register Supported parameters include: accept_hostkey, archive, bare, clone, depth, dest, executable, force, key_file, recursive, reference, refspec, remote, repo, separate_git_dir, ssh_opts, track_submodules, umask, update, verify_commit, version"}
        to retry, use: --limit @/etc/ansible/playbooks/gitrepo.retry

PLAY RECAP ***************************************************************************************************
agent                      : ok=3    changed=0    unreachable=0    failed=1

root@master:/etc/ansible/playbooks# vi gitrepo.yml
root@master:/etc/ansible/playbooks# ansible-playbook gitrepo.yml

PLAY [agent] *************************************************************************************************

TASK [Gathering Facts] ***************************************************************************************
ok: [agent]

TASK [install git] *******************************************************************************************
[DEPRECATION WARNING]: State 'installed' is deprecated. Using state 'present' instead.. This feature will be
removed in version 2.9. Deprecation warnings can be disabled by setting deprecation_warnings=False in
ansible.cfg.
ok: [agent]

TASK [create a directoryin /tmp] *****************************************************************************
ok: [agent]

TASK [getting webhooks] **************************************************************************************
fatal: [agent]: FAILED! => {"changed": false, "msg": "Unsupported parameters for (git) module: register Supported parameters include: accept_hostkey, archive, bare, clone, depth, dest, executable, force, key_file, recursive, reference, refspec, remote, repo, separate_git_dir, ssh_opts, track_submodules, umask, update, verify_commit, version"}
        to retry, use: --limit @/etc/ansible/playbooks/gitrepo.retry

PLAY RECAP ***************************************************************************************************
agent                      : ok=3    changed=0    unreachable=0    failed=1

root@master:/etc/ansible/playbooks#
root@master:/etc/ansible/playbooks# ls
abc.txt      book1.yml  book3.retry  demo.yaml        gitrepo.retry  hosts         sample.yml
book1.retry  book2.yml  book3.yml    gitinstall.yaml  gitrepo.yml    sample.retry
root@master:/etc/ansible/playbooks# cat book3.yml
---
- hosts: agent
  tasks:
  - name: finding the directory of /root/hello
    stat:
     path: /root/hello
    register: dir
  - debug: msg="{{dir}}"
  - name: create file in /root/hello
    file: path=/root/hello state=touch
    when: dir.stat.exists==true

root@master:/etc/ansible/playbooks# cat gitrepo.yml
---
- hosts: agent
  tasks:

  - name: install git
    action: apt name=git state=installed

  - name: create a directoryin /tmp
    file: path=/tmp/git state=directory

  - name: getting webhooks
    git:
     repo: 'https://github.com'
     dest: /etc/ansible/playbooks /tmp
     register: mygit

  - debug: msg="{{mygit.stdout}}"
root@master:/etc/ansible/playbooks# cd ..
root@master:/etc/ansible# ls
ansible.cfg  hosts  playbooks  roles
root@master:/etc/ansible# cd roles
root@master:/etc/ansible/roles# ls
root@master:/etc/ansible/roles# ansible-galaxy init webapp
- webapp was created successfully
root@master:/etc/ansible/roles# ls
webapp
root@master:/etc/ansible/roles# ls webapp/
README.md  defaults  files  handlers  meta  tasks  templates  tests  vars
root@master:/etc/ansible/roles# cd tasks
-bash: cd: tasks: No such file or directory
root@master:/etc/ansible/roles# cd webapp/t
tasks/     templates/ tests/
root@master:/etc/ansible/roles# cd webapp/t
tasks/     templates/ tests/
root@master:/etc/ansible/roles# cd webapp/tasks/
root@master:/etc/ansible/roles/webapp/tasks# ls
main.yml
root@master:/etc/ansible/roles/webapp/tasks# cat main.yml
---
# tasks file for webapproot@master:/etc/ansible/roles/webapp/tasks# vi main.yml
root@master:/etc/ansible/roles/webapp/tasks# cd ..
root@master:/etc/ansible/roles/webapp# cd ..
root@master:/etc/ansible/roles# cd ..
root@master:/etc/ansible# cd playbooks/
root@master:/etc/ansible/playbooks# ls
abc.txt      book1.yml  book3.retry  demo.yaml        gitrepo.retry  hosts         sample.yml
book1.retry  book2.yml  book3.yml    gitinstall.yaml  gitrepo.yml    sample.retry
root@master:/etc/ansible/playbooks# vi webrole.yml
root@master:/etc/ansible/playbooks# ansible-playbook webrole.yml
ERROR! A malformed role declaration was encountered.

The error appears to have been in '/etc/ansible/playbooks/webrole.yml': line 2, column 3, but may
be elsewhere in the file depending on the exact syntax problem.

The offending line appears to be:

---
- hosts: agent
  ^ here

root@master:/etc/ansible/playbooks# vi webrole.yml
root@master:/etc/ansible/playbooks# ansible-playbook webrole.yml

PLAY [agent] *************************************************************************************************

TASK [Gathering Facts] ***************************************************************************************
ok: [agent]

TASK [webapp : install git] **********************************************************************************
[DEPRECATION WARNING]: State 'removed' is deprecated. Using state 'absent' instead.. This feature will be
removed in version 2.9. Deprecation warnings can be disabled by setting deprecation_warnings=False in
ansible.cfg.
changed: [agent]

PLAY RECAP ***************************************************************************************************
agent                      : ok=2    changed=1    unreachable=0    failed=0

root@master:/etc/ansible/playbooks# cat webrole.yml
---
- hosts: agent
  roles:
    - webapp

root@master:/etc/ansible/playbooks# cd /etc/ansible/roles/webapp/tasks/
root@master:/etc/ansible/roles/webapp/tasks# cat main.yml
---
  - name: install git
    action: apt name=git state=removed
# tasks file for webapp
root@master:/etc/ansible/roles/webapp/tasks#
